2025-01-04 16:13:43.540 [info] [main] ログ レベル: Info
2025-01-04 16:13:43.540 [info] [main] Git の検証が検出されました: "git"
2025-01-04 16:13:43.540 [info] [main] "git" から Git "2.39.5" を使用しています
2025-01-04 16:13:43.540 [info] [Model][doInitialScan] Initial repository scan started
2025-01-04 16:13:43.540 [info] [Model][doInitialScan] Initial repository scan completed - repositories (0), closed repositories (0), parent repositories (0), unsafe repositories (0)
2025-01-04 16:24:09.253 [info] [main] ログ レベル: Info
2025-01-04 16:24:09.254 [info] [main] Git の検証が検出されました: "git"
2025-01-04 16:24:09.254 [info] [main] "git" から Git "2.39.5" を使用しています
2025-01-04 16:24:09.254 [info] [Model][doInitialScan] Initial repository scan started
2025-01-04 16:24:09.254 [info] > git rev-parse --show-toplevel [7ms]
2025-01-04 16:24:09.254 [info] fatal: not a git repository (or any of the parent directories): .git
2025-01-04 16:24:09.254 [info] [Model][doInitialScan] Initial repository scan completed - repositories (0), closed repositories (0), parent repositories (0), unsafe repositories (0)
2025-01-04 16:26:18.633 [info] > git rev-parse --show-toplevel [7ms]
2025-01-04 16:26:18.634 [info] fatal: not a git repository (or any of the parent directories): .git
2025-01-04 16:26:18.647 [info] > git rev-parse --show-toplevel [4ms]
2025-01-04 16:26:18.647 [info] fatal: not a git repository (or any of the parent directories): .git
2025-01-04 16:26:18.658 [info] > git rev-parse --show-toplevel [2ms]
2025-01-04 16:26:18.658 [info] fatal: not a git repository (or any of the parent directories): .git
2025-01-04 16:26:18.670 [info] > git rev-parse --show-toplevel [2ms]
2025-01-04 16:26:18.670 [info] fatal: not a git repository (or any of the parent directories): .git
2025-01-04 16:26:18.683 [info] > git rev-parse --show-toplevel [2ms]
2025-01-04 16:26:18.683 [info] fatal: not a git repository (or any of the parent directories): .git
2025-01-04 16:26:18.696 [info] > git rev-parse --show-toplevel [6ms]
2025-01-04 16:26:18.696 [info] fatal: not a git repository (or any of the parent directories): .git
2025-01-04 16:26:18.707 [info] > git rev-parse --show-toplevel [2ms]
2025-01-04 16:26:18.707 [info] fatal: not a git repository (or any of the parent directories): .git
2025-01-04 16:26:18.719 [info] > git rev-parse --show-toplevel [2ms]
2025-01-04 16:26:18.719 [info] fatal: not a git repository (or any of the parent directories): .git
2025-01-04 16:26:18.731 [info] > git rev-parse --show-toplevel [4ms]
2025-01-04 16:26:18.731 [info] fatal: not a git repository (or any of the parent directories): .git
2025-01-04 16:26:18.740 [info] > git rev-parse --show-toplevel [2ms]
2025-01-04 16:26:18.740 [info] fatal: not a git repository (or any of the parent directories): .git
2025-01-04 16:26:18.753 [info] > git rev-parse --show-toplevel [1ms]
2025-01-04 16:26:18.753 [info] fatal: not a git repository (or any of the parent directories): .git
2025-01-04 16:26:18.764 [info] > git rev-parse --show-toplevel [3ms]
2025-01-04 16:26:18.764 [info] fatal: not a git repository (or any of the parent directories): .git
2025-01-04 16:26:18.773 [info] > git rev-parse --show-toplevel [1ms]
2025-01-04 16:26:18.773 [info] fatal: not a git repository (or any of the parent directories): .git
2025-01-04 16:26:18.786 [info] > git rev-parse --show-toplevel [2ms]
2025-01-04 16:26:18.786 [info] fatal: not a git repository (or any of the parent directories): .git
2025-01-04 16:26:18.800 [info] > git rev-parse --show-toplevel [2ms]
2025-01-04 16:26:18.800 [info] fatal: not a git repository (or any of the parent directories): .git
2025-01-04 16:26:18.813 [info] > git rev-parse --show-toplevel [6ms]
2025-01-04 16:26:18.813 [info] fatal: not a git repository (or any of the parent directories): .git
2025-01-04 16:26:18.822 [info] > git rev-parse --show-toplevel [1ms]
2025-01-04 16:26:18.822 [info] fatal: not a git repository (or any of the parent directories): .git
2025-01-04 16:26:18.834 [info] > git rev-parse --show-toplevel [2ms]
2025-01-04 16:26:18.834 [info] fatal: not a git repository (or any of the parent directories): .git
2025-01-04 16:26:18.846 [info] > git rev-parse --show-toplevel [5ms]
2025-01-04 16:26:18.846 [info] fatal: not a git repository (or any of the parent directories): .git
2025-01-04 16:26:18.855 [info] > git rev-parse --show-toplevel [1ms]
2025-01-04 16:26:18.855 [info] fatal: not a git repository (or any of the parent directories): .git
2025-01-04 16:26:46.930 [info] > git rev-parse --show-toplevel [2ms]
2025-01-04 16:26:46.931 [info] fatal: not a git repository (or any of the parent directories): .git
2025-01-04 16:26:58.100 [info] > git rev-parse --show-toplevel [10ms]
2025-01-04 16:26:58.100 [info] fatal: not a git repository (or any of the parent directories): .git
2025-01-04 16:27:28.110 [info] > git rev-parse --show-toplevel [10ms]
2025-01-04 16:27:28.110 [info] fatal: not a git repository (or any of the parent directories): .git
