2025-01-04 16:13:42.587 [info] Getting Manifest... kevinrose.vsc-python-indent
2025-01-04 16:13:42.622 [info] Getting Manifest... ms-python.python
2025-01-04 16:13:43.184 [info] Installing extension: kevinrose.vsc-python-indent {"productVersion":{"version":"1.96.0","date":"2024-12-11T02:29:09.626Z"},"pinned":false,"operation":3,"isApplicationScoped":false,"profileLocation":{"$mid":1,"external":"vscode-userdata:/home/fromw0/.vscode/extensions/extensions.json","path":"/home/fromw0/.vscode/extensions/extensions.json","scheme":"vscode-userdata"},"installOnlyNewlyAddedFromExtensionPack":true}
2025-01-04 16:13:43.232 [info] Installing extension: ms-python.python {"productVersion":{"version":"1.96.0","date":"2024-12-11T02:29:09.626Z"},"pinned":false,"operation":3,"isApplicationScoped":false,"profileLocation":{"$mid":1,"external":"vscode-userdata:/home/fromw0/.vscode/extensions/extensions.json","path":"/home/fromw0/.vscode/extensions/extensions.json","scheme":"vscode-userdata"},"installOnlyNewlyAddedFromExtensionPack":true}
2025-01-04 16:13:51.175 [info] Extension signature verification result for kevinrose.vsc-python-indent: Success. Executed: true. Duration: 5823ms.
2025-01-04 16:13:51.358 [info] Extracted extension to file:///home/fromw0/.vscode/extensions/kevinrose.vsc-python-indent-1.19.0: kevinrose.vsc-python-indent
2025-01-04 16:13:52.462 [info] Extension signature verification result for ms-python.python: Success. Executed: true. Duration: 4705ms.
2025-01-04 16:13:52.861 [info] Renamed to /home/fromw0/.vscode/extensions/kevinrose.vsc-python-indent-1.19.0
2025-01-04 16:13:52.976 [info] Marked extension as uninstalled kevinrose.vsc-python-indent-1.18.0
2025-01-04 16:13:52.988 [error] [uncaught exception in sharedProcess]: Error: ENOENT: no such file or directory, stat '/home/fromw0/.vscode/extensions/extensions.json.vsctmp': EntryNotFound (FileSystemError): Error: ENOENT: no such file or directory, stat '/home/fromw0/.vscode/extensions/extensions.json.vsctmp'
    at Gm.create (file:///usr/share/code/resources/app/out/vs/code/electron-utility/sharedProcess/sharedProcessMain.js:35:39624)
    at xs (file:///usr/share/code/resources/app/out/vs/code/electron-utility/sharedProcess/sharedProcessMain.js:35:39731)
    at Vr.ib (file:///usr/share/code/resources/app/out/vs/code/electron-utility/sharedProcess/sharedProcessMain.js:78:22778)
    at Vr.stat (file:///usr/share/code/resources/app/out/vs/code/electron-utility/sharedProcess/sharedProcessMain.js:78:16010)
    at async wh.stat (file:///usr/share/code/resources/app/out/vs/code/electron-utility/sharedProcess/sharedProcessMain.js:77:85488)
    at async fh.Ab (file:///usr/share/code/resources/app/out/vs/code/electron-utility/sharedProcess/sharedProcessMain.js:77:67180)
2025-01-04 16:13:53.007 [info] Extension installed successfully: kevinrose.vsc-python-indent vscode-userdata:/home/fromw0/.vscode/extensions/extensions.json
2025-01-04 16:13:59.773 [info] Extracted extension to file:///home/fromw0/.vscode/extensions/ms-python.python-2024.22.1-linux-x64: ms-python.python
2025-01-04 16:13:59.972 [info] Renamed to /home/fromw0/.vscode/extensions/ms-python.python-2024.22.1-linux-x64
2025-01-04 16:14:00.014 [info] Marked extension as uninstalled ms-python.python-2024.22.0-linux-x64
2025-01-04 16:14:00.032 [info] Extension installed successfully: ms-python.python vscode-userdata:/home/fromw0/.vscode/extensions/extensions.json
2025-01-04 16:14:00.069 [error] [uncaught exception in sharedProcess]: Error: ENOENT: no such file or directory, stat '/home/fromw0/.vscode/extensions/extensions.json.vsctmp': EntryNotFound (FileSystemError): Error: ENOENT: no such file or directory, stat '/home/fromw0/.vscode/extensions/extensions.json.vsctmp'
    at Gm.create (file:///usr/share/code/resources/app/out/vs/code/electron-utility/sharedProcess/sharedProcessMain.js:35:39624)
    at xs (file:///usr/share/code/resources/app/out/vs/code/electron-utility/sharedProcess/sharedProcessMain.js:35:39731)
    at Vr.ib (file:///usr/share/code/resources/app/out/vs/code/electron-utility/sharedProcess/sharedProcessMain.js:78:22778)
    at Vr.stat (file:///usr/share/code/resources/app/out/vs/code/electron-utility/sharedProcess/sharedProcessMain.js:78:16010)
    at async wh.stat (file:///usr/share/code/resources/app/out/vs/code/electron-utility/sharedProcess/sharedProcessMain.js:77:85488)
    at async fh.Ab (file:///usr/share/code/resources/app/out/vs/code/electron-utility/sharedProcess/sharedProcessMain.js:77:67180)
