0 verbose cli /home/fromw0/.nodenv/versions/18.12.0/bin/node /home/fromw0/.nodenv/versions/18.12.0/bin/npm
1 info using npm@8.19.2
2 info using node@v18.12.0
3 timing npm:load:whichnode Completed in 0ms
4 timing config:load:defaults Completed in 2ms
5 timing config:load:file:/home/fromw0/.nodenv/versions/18.12.0/lib/node_modules/npm/npmrc Completed in 1ms
6 timing config:load:builtin Completed in 2ms
7 timing config:load:cli Completed in 3ms
8 timing config:load:env Completed in 0ms
9 timing config:load:file:/home/fromw0/.cache/typescript/5.7/.npmrc Completed in 1ms
10 timing config:load:project Completed in 21ms
11 timing config:load:file:/home/fromw0/.npmrc Completed in 0ms
12 timing config:load:user Completed in 1ms
13 timing config:load:file:/home/fromw0/.nodenv/versions/18.12.0/etc/npmrc Completed in 0ms
14 timing config:load:global Completed in 0ms
15 timing config:load:validate Completed in 0ms
16 timing config:load:credentials Completed in 1ms
17 timing config:load:setEnvs Completed in 1ms
18 timing config:load Completed in 32ms
19 timing npm:load:configload Completed in 32ms
20 timing npm:load:mkdirpcache Completed in 1ms
21 timing npm:load:mkdirplogs Completed in 1ms
22 verbose title npm install types-registry@latest
23 verbose argv "install" "--ignore-scripts" "types-registry@latest"
24 timing npm:load:setTitle Completed in 1ms
25 timing config:load:flatten Completed in 3ms
26 timing npm:load:display Completed in 5ms
27 verbose logfile logs-max:10 dir:/home/fromw0/.npm/_logs
28 verbose logfile /home/fromw0/.npm/_logs/2025-01-04T07_27_07_514Z-debug-0.log
29 timing npm:load:logFile Completed in 7ms
30 timing npm:load:timers Completed in 0ms
31 timing npm:load:configScope Completed in 0ms
32 timing npm:load Completed in 48ms
33 timing arborist:ctor Completed in 1ms
34 silly logfile done cleaning log files
35 timing arborist:ctor Completed in 1ms
36 timing idealTree:init Completed in 19ms
37 http fetch GET 200 https://registry.npmjs.org/types-registry 267ms (cache miss)
38 timing idealTree:userRequests Completed in 285ms
39 silly idealTree buildDeps
40 silly fetch manifest types-registry@0.1.701
41 silly placeDep ROOT types-registry@0.1.701 OK for:  want: 0.1.701
42 timing idealTree:#root Completed in 11ms
43 timing idealTree:node_modules/types-registry Completed in 0ms
44 timing idealTree:buildDeps Completed in 14ms
45 timing idealTree:fixDepFlags Completed in 0ms
46 timing idealTree Completed in 321ms
47 timing reify:loadTrees Completed in 322ms
48 timing reify:diffTrees Completed in 1ms
49 silly reify moves {}
50 timing reify:retireShallow Completed in 2ms
51 timing reify:createSparse Completed in 1ms
52 timing reify:loadBundles Completed in 0ms
53 silly audit bulk request { 'types-registry': [ '0.1.701' ] }
54 silly tarball no local data for types-registry@https://registry.npmjs.org/types-registry/-/types-registry-0.1.701.tgz. Extracting by manifest.
55 http fetch POST 200 https://registry.npmjs.org/-/npm/v1/security/advisories/bulk 166ms
56 timing auditReport:getReport Completed in 168ms
57 silly audit report {}
58 timing auditReport:init Completed in 1ms
59 timing reify:audit Completed in 169ms
60 http fetch GET 200 https://registry.npmjs.org/types-registry/-/types-registry-0.1.701.tgz 213ms (cache miss)
61 timing reifyNode:node_modules/types-registry Completed in 225ms
62 timing reify:unpack Completed in 226ms
63 timing reify:unretire Completed in 0ms
64 timing build:queue Completed in 1ms
65 timing build:deps Completed in 1ms
66 timing build Completed in 1ms
67 timing reify:build Completed in 2ms
68 timing reify:trash Completed in 0ms
69 timing reify:save Completed in 7ms
70 timing reify Completed in 581ms
71 silly ADD node_modules/types-registry
72 timing command:install Completed in 590ms
73 verbose exit 0
74 timing npm Completed in 997ms
75 info ok
