0 verbose cli /home/fromw0/.nodenv/versions/18.12.0/bin/node /home/fromw0/.nodenv/versions/18.12.0/bin/npm
1 info using npm@8.19.2
2 info using node@v18.12.0
3 timing npm:load:whichnode Completed in 1ms
4 timing config:load:defaults Completed in 3ms
5 timing config:load:file:/home/fromw0/.nodenv/versions/18.12.0/lib/node_modules/npm/npmrc Completed in 6ms
6 timing config:load:builtin Completed in 7ms
7 timing config:load:cli Completed in 4ms
8 timing config:load:env Completed in 1ms
9 timing config:load:file:/home/fromw0/.cache/typescript/5.7/.npmrc Completed in 0ms
10 timing config:load:project Completed in 17ms
11 timing config:load:file:/home/fromw0/.npmrc Completed in 1ms
12 timing config:load:user Completed in 3ms
13 timing config:load:file:/home/fromw0/.nodenv/versions/18.12.0/etc/npmrc Completed in 0ms
14 timing config:load:global Completed in 0ms
15 timing config:load:validate Completed in 0ms
16 timing config:load:credentials Completed in 2ms
17 timing config:load:setEnvs Completed in 3ms
18 timing config:load Completed in 40ms
19 timing npm:load:configload Completed in 40ms
20 timing npm:load:mkdirpcache Completed in 3ms
21 timing npm:load:mkdirplogs Completed in 1ms
22 verbose title npm install @types/ejs@ts5.7 @types/express@ts5.7
23 verbose argv "install" "--ignore-scripts" "@types/ejs@ts5.7" "@types/express@ts5.7" "--save-dev" "--user-agent" "typesInstaller/5.7.2"
24 timing npm:load:setTitle Completed in 2ms
25 timing config:load:flatten Completed in 9ms
26 timing npm:load:display Completed in 10ms
27 verbose logfile logs-max:10 dir:/home/fromw0/.npm/_logs
28 verbose logfile /home/fromw0/.npm/_logs/2025-01-04T07_27_09_254Z-debug-0.log
29 timing npm:load:logFile Completed in 10ms
30 timing npm:load:timers Completed in 0ms
31 timing npm:load:configScope Completed in 0ms
32 timing npm:load Completed in 68ms
33 timing arborist:ctor Completed in 2ms
34 silly logfile done cleaning log files
35 timing idealTree:init Completed in 30ms
36 timing arborist:ctor Completed in 0ms
37 http fetch GET 200 https://registry.npmjs.org/@types%2fexpress 290ms (cache miss)
38 http fetch GET 200 https://registry.npmjs.org/@types%2fejs 306ms (cache miss)
39 timing idealTree:userRequests Completed in 319ms
40 silly idealTree buildDeps
41 silly fetch manifest @types/express@5.0.0
42 silly fetch manifest @types/ejs@3.1.5
43 silly placeDep ROOT @types/ejs@3.1.5 OK for:  want: 3.1.5
44 silly placeDep ROOT @types/express@5.0.0 OK for:  want: 5.0.0
45 silly fetch manifest @types/qs@*
46 silly fetch manifest @types/body-parser@*
47 silly fetch manifest @types/serve-static@*
48 silly fetch manifest @types/express-serve-static-core@^5.0.0
49 http fetch GET 200 https://registry.npmjs.org/@types%2fbody-parser 116ms (cache miss)
50 http fetch GET 200 https://registry.npmjs.org/@types%2fserve-static 166ms (cache miss)
51 http fetch GET 200 https://registry.npmjs.org/@types%2fexpress-serve-static-core 201ms (cache miss)
52 http fetch GET 200 https://registry.npmjs.org/@types%2fqs 664ms (cache miss)
53 timing idealTree:#root Completed in 681ms
54 timing idealTree:node_modules/@types/ejs Completed in 0ms
55 silly placeDep ROOT @types/body-parser@1.19.5 OK for: @types/express@5.0.0 want: *
56 silly placeDep ROOT @types/express-serve-static-core@5.0.3 OK for: @types/express@5.0.0 want: ^5.0.0
57 silly placeDep ROOT @types/qs@6.9.17 OK for: @types/express@5.0.0 want: *
58 silly placeDep ROOT @types/serve-static@1.15.7 OK for: @types/express@5.0.0 want: *
59 silly fetch manifest @types/node@*
60 silly fetch manifest @types/connect@*
61 silly fetch manifest @types/send@*
62 silly fetch manifest @types/range-parser@*
63 silly fetch manifest @types/http-errors@*
64 http fetch GET 200 https://registry.npmjs.org/@types%2fconnect 183ms (cache miss)
65 http fetch GET 200 https://registry.npmjs.org/@types%2fhttp-errors 267ms (cache miss)
66 http fetch GET 200 https://registry.npmjs.org/@types%2fnode 283ms (cache miss)
67 http fetch GET 200 https://registry.npmjs.org/@types%2fsend 382ms (cache miss)
68 http fetch GET 200 https://registry.npmjs.org/@types%2frange-parser 897ms (cache miss)
69 timing idealTree:node_modules/@types/express Completed in 915ms
70 silly placeDep ROOT @types/connect@3.4.38 OK for: @types/body-parser@1.19.5 want: *
71 silly placeDep ROOT @types/node@22.10.5 OK for: @types/body-parser@1.19.5 want: *
72 silly fetch manifest undici-types@~6.20.0
73 http fetch GET 200 https://registry.npmjs.org/undici-types 44ms (cache miss)
74 timing idealTree:node_modules/@types/body-parser Completed in 58ms
75 timing idealTree:node_modules/@types/connect Completed in 0ms
76 silly placeDep ROOT @types/range-parser@1.2.7 OK for: @types/express-serve-static-core@5.0.3 want: *
77 silly placeDep ROOT @types/send@0.17.4 OK for: @types/express-serve-static-core@5.0.3 want: *
78 silly fetch manifest @types/mime@^1
79 http fetch GET 200 https://registry.npmjs.org/@types%2fmime 958ms (cache miss)
80 timing idealTree:node_modules/@types/express-serve-static-core Completed in 966ms
81 silly placeDep ROOT undici-types@6.20.0 OK for: @types/node@22.10.5 want: ~6.20.0
82 timing idealTree:node_modules/@types/node Completed in 3ms
83 timing idealTree:node_modules/@types/qs Completed in 0ms
84 timing idealTree:node_modules/@types/range-parser Completed in 0ms
85 silly placeDep ROOT @types/mime@1.3.5 OK for: @types/send@0.17.4 want: ^1
86 timing idealTree:node_modules/@types/send Completed in 2ms
87 timing idealTree:node_modules/@types/mime Completed in 0ms
88 silly placeDep ROOT @types/http-errors@2.0.4 OK for: @types/serve-static@1.15.7 want: *
89 timing idealTree:node_modules/@types/serve-static Completed in 2ms
90 timing idealTree:node_modules/@types/http-errors Completed in 0ms
91 timing idealTree:node_modules/undici-types Completed in 0ms
92 timing idealTree:buildDeps Completed in 2634ms
93 timing idealTree:fixDepFlags Completed in 1ms
94 timing idealTree Completed in 2984ms
95 timing reify:loadTrees Completed in 2985ms
96 timing reify:diffTrees Completed in 2ms
97 silly reify moves {}
98 timing reify:retireShallow Completed in 1ms
99 timing reify:createSparse Completed in 13ms
100 timing reify:loadBundles Completed in 0ms
101 silly audit bulk request {
101 silly audit   'types-registry': [ '0.1.701' ],
101 silly audit   '@types/ejs': [ '3.1.5' ],
101 silly audit   '@types/express': [ '5.0.0' ],
101 silly audit   '@types/body-parser': [ '1.19.5' ],
101 silly audit   '@types/express-serve-static-core': [ '5.0.3' ],
101 silly audit   '@types/qs': [ '6.9.17' ],
101 silly audit   '@types/serve-static': [ '1.15.7' ],
101 silly audit   '@types/connect': [ '3.4.38' ],
101 silly audit   '@types/node': [ '22.10.5' ],
101 silly audit   '@types/range-parser': [ '1.2.7' ],
101 silly audit   '@types/send': [ '0.17.4' ],
101 silly audit   'undici-types': [ '6.20.0' ],
101 silly audit   '@types/mime': [ '1.3.5' ],
101 silly audit   '@types/http-errors': [ '2.0.4' ]
101 silly audit }
102 silly tarball no local data for @types/http-errors@https://registry.npmjs.org/@types/http-errors/-/http-errors-2.0.4.tgz. Extracting by manifest.
103 silly tarball no local data for @types/mime@https://registry.npmjs.org/@types/mime/-/mime-1.3.5.tgz. Extracting by manifest.
104 silly tarball no local data for undici-types@https://registry.npmjs.org/undici-types/-/undici-types-6.20.0.tgz. Extracting by manifest.
105 silly tarball no local data for @types/send@https://registry.npmjs.org/@types/send/-/send-0.17.4.tgz. Extracting by manifest.
106 silly tarball no local data for @types/range-parser@https://registry.npmjs.org/@types/range-parser/-/range-parser-1.2.7.tgz. Extracting by manifest.
107 silly tarball no local data for @types/connect@https://registry.npmjs.org/@types/connect/-/connect-3.4.38.tgz. Extracting by manifest.
108 silly tarball no local data for @types/node@https://registry.npmjs.org/@types/node/-/node-22.10.5.tgz. Extracting by manifest.
109 silly tarball no local data for @types/serve-static@https://registry.npmjs.org/@types/serve-static/-/serve-static-1.15.7.tgz. Extracting by manifest.
110 silly tarball no local data for @types/qs@https://registry.npmjs.org/@types/qs/-/qs-6.9.17.tgz. Extracting by manifest.
111 silly tarball no local data for @types/express-serve-static-core@https://registry.npmjs.org/@types/express-serve-static-core/-/express-serve-static-core-5.0.3.tgz. Extracting by manifest.
112 silly tarball no local data for @types/body-parser@https://registry.npmjs.org/@types/body-parser/-/body-parser-1.19.5.tgz. Extracting by manifest.
113 silly tarball no local data for @types/express@https://registry.npmjs.org/@types/express/-/express-5.0.0.tgz. Extracting by manifest.
114 silly tarball no local data for @types/ejs@https://registry.npmjs.org/@types/ejs/-/ejs-3.1.5.tgz. Extracting by manifest.
115 http fetch POST 200 https://registry.npmjs.org/-/npm/v1/security/advisories/bulk 170ms
116 timing auditReport:getReport Completed in 178ms
117 silly audit report {}
118 timing auditReport:init Completed in 0ms
119 timing reify:audit Completed in 178ms
120 http fetch GET 200 https://registry.npmjs.org/@types/send/-/send-0.17.4.tgz 298ms (cache miss)
121 timing reifyNode:node_modules/@types/send Completed in 338ms
122 http fetch GET 200 https://registry.npmjs.org/@types/mime/-/mime-1.3.5.tgz 311ms (cache miss)
123 timing reifyNode:node_modules/@types/mime Completed in 344ms
124 http fetch GET 200 https://registry.npmjs.org/@types/qs/-/qs-6.9.17.tgz 308ms (cache miss)
125 timing reifyNode:node_modules/@types/qs Completed in 368ms
126 http fetch GET 200 https://registry.npmjs.org/@types/http-errors/-/http-errors-2.0.4.tgz 343ms (cache miss)
127 timing reifyNode:node_modules/@types/http-errors Completed in 375ms
128 http fetch GET 200 https://registry.npmjs.org/@types/connect/-/connect-3.4.38.tgz 332ms (cache miss)
129 timing reifyNode:node_modules/@types/connect Completed in 376ms
130 http fetch GET 200 https://registry.npmjs.org/@types/express/-/express-5.0.0.tgz 314ms (cache miss)
131 timing reifyNode:node_modules/@types/express Completed in 380ms
132 http fetch GET 200 https://registry.npmjs.org/@types/serve-static/-/serve-static-1.15.7.tgz 334ms (cache miss)
133 timing reifyNode:node_modules/@types/serve-static Completed in 382ms
134 http fetch GET 200 https://registry.npmjs.org/@types/range-parser/-/range-parser-1.2.7.tgz 341ms (cache miss)
135 timing reifyNode:node_modules/@types/range-parser Completed in 383ms
136 http fetch GET 200 https://registry.npmjs.org/@types/ejs/-/ejs-3.1.5.tgz 309ms (cache miss)
137 timing reifyNode:node_modules/@types/ejs Completed in 383ms
138 http fetch GET 200 https://registry.npmjs.org/@types/body-parser/-/body-parser-1.19.5.tgz 320ms (cache miss)
139 timing reifyNode:node_modules/@types/body-parser Completed in 384ms
140 http fetch GET 200 https://registry.npmjs.org/@types/express-serve-static-core/-/express-serve-static-core-5.0.3.tgz 328ms (cache miss)
141 timing reifyNode:node_modules/@types/express-serve-static-core Completed in 390ms
142 http fetch GET 200 https://registry.npmjs.org/undici-types/-/undici-types-6.20.0.tgz 374ms (cache miss)
143 timing reifyNode:node_modules/undici-types Completed in 410ms
144 http fetch GET 200 https://registry.npmjs.org/@types/node/-/node-22.10.5.tgz 443ms (cache miss)
145 timing reifyNode:node_modules/@types/node Completed in 490ms
146 timing reify:unpack Completed in 493ms
147 timing reify:unretire Completed in 0ms
148 timing build:queue Completed in 1ms
149 timing build:deps Completed in 1ms
150 timing build Completed in 2ms
151 timing reify:build Completed in 4ms
152 timing reify:trash Completed in 0ms
153 timing reify:save Completed in 17ms
154 timing reify Completed in 3552ms
155 silly ADD node_modules/@types/http-errors
156 silly ADD node_modules/@types/mime
157 silly ADD node_modules/undici-types
158 silly ADD node_modules/@types/send
159 silly ADD node_modules/@types/range-parser
160 silly ADD node_modules/@types/node
161 silly ADD node_modules/@types/connect
162 silly ADD node_modules/@types/serve-static
163 silly ADD node_modules/@types/qs
164 silly ADD node_modules/@types/express-serve-static-core
165 silly ADD node_modules/@types/body-parser
166 silly ADD node_modules/@types/express
167 silly ADD node_modules/@types/ejs
168 timing command:install Completed in 3562ms
169 verbose exit 0
170 timing npm Completed in 3798ms
171 info ok
