0 verbose cli /home/fromw0/.nodenv/versions/18.12.0/bin/node /home/fromw0/.nodenv/versions/18.12.0/bin/npm
1 info using npm@8.19.2
2 info using node@v18.12.0
3 timing npm:load:whichnode Completed in 0ms
4 timing config:load:defaults Completed in 3ms
5 timing config:load:file:/home/fromw0/.nodenv/versions/18.12.0/lib/node_modules/npm/npmrc Completed in 1ms
6 timing config:load:builtin Completed in 1ms
7 timing config:load:cli Completed in 3ms
8 timing config:load:env Completed in 1ms
9 timing config:load:project Completed in 10ms
10 timing config:load:file:/home/fromw0/.npmrc Completed in 0ms
11 timing config:load:user Completed in 0ms
12 timing config:load:file:/home/fromw0/.nodenv/versions/18.12.0/etc/npmrc Completed in 6ms
13 timing config:load:global Completed in 7ms
14 timing config:load:validate Completed in 0ms
15 timing config:load:credentials Completed in 1ms
16 timing config:load:setEnvs Completed in 1ms
17 timing config:load Completed in 29ms
18 timing npm:load:configload Completed in 29ms
19 timing npm:load:mkdirpcache Completed in 1ms
20 timing npm:load:mkdirplogs Completed in 1ms
21 verbose title npm install nodemon
22 verbose argv "install" "--global" "nodemon"
23 timing npm:load:setTitle Completed in 1ms
24 timing config:load:flatten Completed in 3ms
25 timing npm:load:display Completed in 6ms
26 verbose logfile logs-max:10 dir:/home/fromw0/.npm/_logs
27 verbose logfile /home/fromw0/.npm/_logs/2025-01-04T13_08_40_372Z-debug-0.log
28 timing npm:load:logFile Completed in 7ms
29 timing npm:load:timers Completed in 0ms
30 timing npm:load:configScope Completed in 0ms
31 timing npm:load Completed in 46ms
32 timing arborist:ctor Completed in 1ms
33 silly logfile done cleaning log files
34 timing idealTree:init Completed in 13ms
35 timing idealTree:userRequests Completed in 8ms
36 silly idealTree buildDeps
37 silly fetch manifest nodemon@*
38 http fetch GET 200 https://registry.npmjs.org/nodemon 39ms (cache hit)
39 silly placeDep ROOT nodemon@3.1.9 OK for:  want: *
40 silly fetch manifest chokidar@^3.5.2
41 silly fetch manifest debug@^4
42 silly fetch manifest ignore-by-default@^1.0.1
43 silly fetch manifest minimatch@^3.1.2
44 silly fetch manifest pstree.remy@^1.1.8
45 silly fetch manifest semver@^7.5.3
46 silly fetch manifest simple-update-notifier@^2.0.0
47 silly fetch manifest supports-color@^5.5.0
48 silly fetch manifest touch@^3.1.0
49 silly fetch manifest undefsafe@^2.0.5
50 http fetch GET 200 https://registry.npmjs.org/chokidar 63ms (cache hit)
51 http fetch GET 200 https://registry.npmjs.org/ignore-by-default 69ms (cache hit)
52 http fetch GET 200 https://registry.npmjs.org/pstree.remy 68ms (cache hit)
53 http fetch GET 200 https://registry.npmjs.org/semver 68ms (cache hit)
54 http fetch GET 200 https://registry.npmjs.org/minimatch 73ms (cache hit)
55 http fetch GET 200 https://registry.npmjs.org/simple-update-notifier 75ms (cache hit)
56 http fetch GET 200 https://registry.npmjs.org/debug 81ms (cache hit)
57 http fetch GET 200 https://registry.npmjs.org/supports-color 78ms (cache hit)
58 http fetch GET 200 https://registry.npmjs.org/touch 80ms (cache hit)
59 http fetch GET 200 https://registry.npmjs.org/undefsafe 80ms (cache hit)
60 timing idealTree:#root Completed in 156ms
61 silly placeDep node_modules/nodemon chokidar@3.6.0 OK for: nodemon@3.1.9 want: ^3.5.2
62 silly placeDep node_modules/nodemon debug@4.4.0 OK for: nodemon@3.1.9 want: ^4
63 silly placeDep node_modules/nodemon ignore-by-default@1.0.1 OK for: nodemon@3.1.9 want: ^1.0.1
64 silly placeDep node_modules/nodemon minimatch@3.1.2 OK for: nodemon@3.1.9 want: ^3.1.2
65 silly placeDep node_modules/nodemon pstree.remy@1.1.8 OK for: nodemon@3.1.9 want: ^1.1.8
66 silly placeDep node_modules/nodemon semver@7.6.3 OK for: nodemon@3.1.9 want: ^7.5.3
67 silly placeDep node_modules/nodemon simple-update-notifier@2.0.0 OK for: nodemon@3.1.9 want: ^2.0.0
68 silly placeDep node_modules/nodemon supports-color@5.5.0 OK for: nodemon@3.1.9 want: ^5.5.0
69 silly placeDep node_modules/nodemon touch@3.1.1 OK for: nodemon@3.1.9 want: ^3.1.0
70 silly placeDep node_modules/nodemon undefsafe@2.0.5 OK for: nodemon@3.1.9 want: ^2.0.5
71 silly fetch manifest braces@~3.0.2
72 silly fetch manifest is-glob@~4.0.1
73 silly fetch manifest anymatch@~3.1.2
74 silly fetch manifest readdirp@~3.6.0
75 silly fetch manifest glob-parent@~5.1.2
76 silly fetch manifest is-binary-path@~2.1.0
77 silly fetch manifest normalize-path@~3.0.0
78 silly fetch manifest fsevents@~2.3.2
79 silly fetch manifest ms@^2.1.3
80 silly fetch manifest brace-expansion@^1.1.7
81 silly fetch manifest has-flag@^3.0.0
82 http fetch GET 200 https://registry.npmjs.org/anymatch 125ms (cache hit)
83 http fetch GET 200 https://registry.npmjs.org/braces 129ms (cache hit)
84 http fetch GET 200 https://registry.npmjs.org/readdirp 129ms (cache hit)
85 http fetch GET 200 https://registry.npmjs.org/glob-parent 130ms (cache hit)
86 http fetch GET 200 https://registry.npmjs.org/is-binary-path 131ms (cache hit)
87 http fetch GET 200 https://registry.npmjs.org/normalize-path 131ms (cache hit)
88 http fetch GET 200 https://registry.npmjs.org/fsevents 134ms (cache hit)
89 http fetch GET 200 https://registry.npmjs.org/ms 136ms (cache hit)
90 http fetch GET 200 https://registry.npmjs.org/brace-expansion 136ms (cache hit)
91 http fetch GET 200 https://registry.npmjs.org/has-flag 134ms (cache hit)
92 http fetch GET 200 https://registry.npmjs.org/is-glob 146ms (cache hit)
93 timing idealTree:node_modules/nodemon Completed in 176ms
94 silly placeDep node_modules/nodemon anymatch@3.1.3 OK for: chokidar@3.6.0 want: ~3.1.2
95 silly placeDep node_modules/nodemon braces@3.0.3 OK for: chokidar@3.6.0 want: ~3.0.2
96 silly placeDep node_modules/nodemon fsevents@2.3.3 OK for: chokidar@3.6.0 want: ~2.3.2
97 silly placeDep node_modules/nodemon glob-parent@5.1.2 OK for: chokidar@3.6.0 want: ~5.1.2
98 silly placeDep node_modules/nodemon is-binary-path@2.1.0 OK for: chokidar@3.6.0 want: ~2.1.0
99 silly placeDep node_modules/nodemon is-glob@4.0.3 OK for: chokidar@3.6.0 want: ~4.0.1
100 silly placeDep node_modules/nodemon normalize-path@3.0.0 OK for: chokidar@3.6.0 want: ~3.0.0
101 silly placeDep node_modules/nodemon readdirp@3.6.0 OK for: chokidar@3.6.0 want: ~3.6.0
102 silly fetch manifest picomatch@^2.0.4
103 silly fetch manifest fill-range@^7.1.1
104 silly fetch manifest binary-extensions@^2.0.0
105 silly fetch manifest is-extglob@^2.1.1
106 silly fetch manifest picomatch@^2.2.1
107 http fetch GET 200 https://registry.npmjs.org/picomatch 26ms (cache hit)
108 http fetch GET 200 https://registry.npmjs.org/is-extglob 26ms (cache hit)
109 http fetch GET 200 https://registry.npmjs.org/picomatch 26ms (cache hit)
110 http fetch GET 200 https://registry.npmjs.org/fill-range 32ms (cache hit)
111 http fetch GET 200 https://registry.npmjs.org/binary-extensions 32ms (cache hit)
112 timing idealTree:node_modules/nodemon/node_modules/chokidar Completed in 63ms
113 silly placeDep node_modules/nodemon picomatch@2.3.1 OK for: anymatch@3.1.3 want: ^2.0.4
114 timing idealTree:node_modules/nodemon/node_modules/anymatch Completed in 2ms
115 silly placeDep node_modules/nodemon fill-range@7.1.1 OK for: braces@3.0.3 want: ^7.1.1
116 silly fetch manifest to-regex-range@^5.0.1
117 http fetch GET 200 https://registry.npmjs.org/to-regex-range 25ms (cache hit)
118 timing idealTree:node_modules/nodemon/node_modules/braces Completed in 28ms
119 silly placeDep node_modules/nodemon ms@2.1.3 OK for: debug@4.4.0 want: ^2.1.3
120 timing idealTree:node_modules/nodemon/node_modules/debug Completed in 4ms
121 silly placeDep node_modules/nodemon to-regex-range@5.0.1 OK for: fill-range@7.1.1 want: ^5.0.1
122 silly fetch manifest is-number@^7.0.0
123 http fetch GET 200 https://registry.npmjs.org/is-number 24ms (cache hit)
124 timing idealTree:node_modules/nodemon/node_modules/fill-range Completed in 29ms
125 timing idealTree:node_modules/nodemon/node_modules/fsevents Completed in 0ms
126 timing idealTree:node_modules/nodemon/node_modules/glob-parent Completed in 0ms
127 timing idealTree:node_modules/nodemon/node_modules/ignore-by-default Completed in 0ms
128 silly placeDep node_modules/nodemon binary-extensions@2.3.0 OK for: is-binary-path@2.1.0 want: ^2.0.0
129 timing idealTree:node_modules/nodemon/node_modules/is-binary-path Completed in 2ms
130 timing idealTree:node_modules/nodemon/node_modules/binary-extensions Completed in 0ms
131 silly placeDep node_modules/nodemon is-extglob@2.1.1 OK for: is-glob@4.0.3 want: ^2.1.1
132 timing idealTree:node_modules/nodemon/node_modules/is-glob Completed in 4ms
133 timing idealTree:node_modules/nodemon/node_modules/is-extglob Completed in 0ms
134 silly placeDep node_modules/nodemon brace-expansion@1.1.11 OK for: minimatch@3.1.2 want: ^1.1.7
135 silly fetch manifest balanced-match@^1.0.0
136 silly fetch manifest concat-map@0.0.1
137 http fetch GET 200 https://registry.npmjs.org/balanced-match 15ms (cache hit)
138 http fetch GET 200 https://registry.npmjs.org/concat-map 15ms (cache hit)
139 timing idealTree:node_modules/nodemon/node_modules/minimatch Completed in 24ms
140 silly placeDep node_modules/nodemon balanced-match@1.0.2 OK for: brace-expansion@1.1.11 want: ^1.0.0
141 silly placeDep node_modules/nodemon concat-map@0.0.1 OK for: brace-expansion@1.1.11 want: 0.0.1
142 timing idealTree:node_modules/nodemon/node_modules/brace-expansion Completed in 8ms
143 timing idealTree:node_modules/nodemon/node_modules/balanced-match Completed in 0ms
144 timing idealTree:node_modules/nodemon/node_modules/concat-map Completed in 0ms
145 timing idealTree:node_modules/nodemon/node_modules/ms Completed in 0ms
146 timing idealTree:node_modules/nodemon/node_modules/normalize-path Completed in 0ms
147 timing idealTree:node_modules/nodemon/node_modules/picomatch Completed in 0ms
148 timing idealTree:node_modules/nodemon/node_modules/pstree.remy Completed in 0ms
149 timing idealTree:node_modules/nodemon/node_modules/readdirp Completed in 0ms
150 timing idealTree:node_modules/nodemon/node_modules/semver Completed in 0ms
151 timing idealTree:node_modules/nodemon/node_modules/simple-update-notifier Completed in 0ms
152 silly placeDep node_modules/nodemon has-flag@3.0.0 OK for: supports-color@5.5.0 want: ^3.0.0
153 timing idealTree:node_modules/nodemon/node_modules/supports-color Completed in 2ms
154 timing idealTree:node_modules/nodemon/node_modules/has-flag Completed in 0ms
155 silly placeDep node_modules/nodemon is-number@7.0.0 OK for: to-regex-range@5.0.1 want: ^7.0.0
156 timing idealTree:node_modules/nodemon/node_modules/to-regex-range Completed in 2ms
157 timing idealTree:node_modules/nodemon/node_modules/is-number Completed in 0ms
158 timing idealTree:node_modules/nodemon/node_modules/touch Completed in 0ms
159 timing idealTree:node_modules/nodemon/node_modules/undefsafe Completed in 0ms
160 timing idealTree:buildDeps Completed in 511ms
161 timing idealTree:fixDepFlags Completed in 2ms
162 timing idealTree Completed in 539ms
163 timing reify:loadTrees Completed in 575ms
164 timing reify:diffTrees Completed in 20ms
165 silly reify mark retired [
165 silly reify   '/home/fromw0/.nodenv/versions/18.12.0/lib/node_modules/nodemon',
165 silly reify   '/home/fromw0/.nodenv/versions/18.12.0/bin/nodemon'
165 silly reify ]
166 silly reify moves {
166 silly reify   '/home/fromw0/.nodenv/versions/18.12.0/lib/node_modules/nodemon': '/home/fromw0/.nodenv/versions/18.12.0/lib/node_modules/.nodemon-xus1pZKz',
166 silly reify   '/home/fromw0/.nodenv/versions/18.12.0/bin/nodemon': '/home/fromw0/.nodenv/versions/18.12.0/bin/.nodemon-JbxK0Agi'
166 silly reify }
167 timing reify:retireShallow Completed in 12ms
168 timing reify:createSparse Completed in 11ms
169 timing reify:loadBundles Completed in 0ms
170 silly audit bulk request {
170 silly audit   nodemon: [ '3.1.9' ],
170 silly audit   chokidar: [ '3.6.0' ],
170 silly audit   debug: [ '4.4.0' ],
170 silly audit   'ignore-by-default': [ '1.0.1' ],
170 silly audit   minimatch: [ '3.1.2' ],
170 silly audit   'pstree.remy': [ '1.1.8' ],
170 silly audit   semver: [ '7.6.3' ],
170 silly audit   'simple-update-notifier': [ '2.0.0' ],
170 silly audit   'supports-color': [ '5.5.0' ],
170 silly audit   touch: [ '3.1.1' ],
170 silly audit   undefsafe: [ '2.0.5' ],
170 silly audit   anymatch: [ '3.1.3' ],
170 silly audit   braces: [ '3.0.3' ],
170 silly audit   fsevents: [ '2.3.3' ],
170 silly audit   'glob-parent': [ '5.1.2' ],
170 silly audit   'is-binary-path': [ '2.1.0' ],
170 silly audit   'is-glob': [ '4.0.3' ],
170 silly audit   'normalize-path': [ '3.0.0' ],
170 silly audit   readdirp: [ '3.6.0' ],
170 silly audit   picomatch: [ '2.3.1' ],
170 silly audit   'fill-range': [ '7.1.1' ],
170 silly audit   ms: [ '2.1.3' ],
170 silly audit   'to-regex-range': [ '5.0.1' ],
170 silly audit   'binary-extensions': [ '2.3.0' ],
170 silly audit   'is-extglob': [ '2.1.1' ],
170 silly audit   'brace-expansion': [ '1.1.11' ],
170 silly audit   'balanced-match': [ '1.0.2' ],
170 silly audit   'concat-map': [ '0.0.1' ],
170 silly audit   'has-flag': [ '3.0.0' ],
170 silly audit   'is-number': [ '7.0.0' ]
170 silly audit }
171 verbose reify failed optional dependency /home/fromw0/.nodenv/versions/18.12.0/lib/node_modules/nodemon/node_modules/fsevents
172 silly reify mark deleted [
172 silly reify   '/home/fromw0/.nodenv/versions/18.12.0/lib/node_modules/nodemon/node_modules/fsevents'
172 silly reify ]
173 timing reifyNode:node_modules/nodemon/node_modules/fsevents Completed in 73ms
174 timing reifyNode:node_modules/nodemon/node_modules/normalize-path Completed in 247ms
175 timing reifyNode:node_modules/nodemon/node_modules/ms Completed in 248ms
176 timing reifyNode:node_modules/nodemon/node_modules/is-number Completed in 249ms
177 timing reifyNode:node_modules/nodemon/node_modules/is-extglob Completed in 249ms
178 timing reifyNode:node_modules/nodemon/node_modules/ignore-by-default Completed in 249ms
179 timing reifyNode:node_modules/nodemon/node_modules/brace-expansion Completed in 249ms
180 timing reifyNode:node_modules/nodemon/node_modules/is-glob Completed in 251ms
181 timing reifyNode:node_modules/nodemon/node_modules/anymatch Completed in 252ms
182 timing reifyNode:node_modules/nodemon/node_modules/to-regex-range Completed in 252ms
183 timing reifyNode:node_modules/nodemon/node_modules/supports-color Completed in 252ms
184 timing reifyNode:node_modules/nodemon/node_modules/is-binary-path Completed in 252ms
185 timing reifyNode:node_modules/nodemon/node_modules/glob-parent Completed in 251ms
186 timing reifyNode:node_modules/nodemon/node_modules/fill-range Completed in 251ms
187 timing reifyNode:node_modules/nodemon/node_modules/touch Completed in 254ms
188 timing reifyNode:node_modules/nodemon/node_modules/balanced-match Completed in 254ms
189 timing reifyNode:node_modules/nodemon/node_modules/has-flag Completed in 255ms
190 timing reifyNode:node_modules/nodemon/node_modules/readdirp Completed in 257ms
191 timing reifyNode:node_modules/nodemon/node_modules/minimatch Completed in 258ms
192 timing reifyNode:node_modules/nodemon/node_modules/binary-extensions Completed in 257ms
193 timing reifyNode:node_modules/nodemon/node_modules/concat-map Completed in 259ms
194 timing reifyNode:node_modules/nodemon/node_modules/debug Completed in 259ms
195 timing reifyNode:node_modules/nodemon/node_modules/undefsafe Completed in 265ms
196 timing reifyNode:node_modules/nodemon/node_modules/braces Completed in 265ms
197 timing reifyNode:node_modules/nodemon/node_modules/pstree.remy Completed in 268ms
198 timing reifyNode:node_modules/nodemon/node_modules/simple-update-notifier Completed in 269ms
199 timing reifyNode:node_modules/nodemon/node_modules/picomatch Completed in 270ms
200 timing reifyNode:node_modules/nodemon/node_modules/chokidar Completed in 269ms
201 timing reifyNode:node_modules/nodemon/node_modules/semver Completed in 301ms
202 timing reifyNode:node_modules/nodemon Completed in 307ms
203 timing reify:unpack Completed in 308ms
204 timing reify:unretire Completed in 0ms
205 timing build:queue Completed in 2ms
206 timing build:link:node_modules/nodemon Completed in 4ms
207 timing build:link:node_modules/nodemon/node_modules/semver Completed in 3ms
208 timing build:link:node_modules/nodemon/node_modules/touch Completed in 3ms
209 timing build:link Completed in 4ms
210 timing build:deps Completed in 6ms
211 timing build Completed in 7ms
212 timing reify:build Completed in 7ms
213 http fetch POST 200 https://registry.npmjs.org/-/npm/v1/security/advisories/bulk 385ms
214 timing auditReport:getReport Completed in 390ms
215 silly audit report {}
216 timing auditReport:init Completed in 0ms
217 timing reify:audit Completed in 391ms
218 timing reify:trash Completed in 81ms
219 timing reify Completed in 1046ms
220 silly CHANGE node_modules/nodemon
221 silly ADD
222 silly CHANGE node_modules/nodemon/node_modules/is-glob
223 silly CHANGE node_modules/nodemon/node_modules/anymatch
224 silly CHANGE node_modules/nodemon/node_modules/undefsafe
225 silly CHANGE node_modules/nodemon/node_modules/touch
226 silly CHANGE node_modules/nodemon/node_modules/to-regex-range
227 silly CHANGE node_modules/nodemon/node_modules/supports-color
228 silly CHANGE node_modules/nodemon/node_modules/balanced-match
229 silly CHANGE node_modules/nodemon/node_modules/simple-update-notifier
230 silly CHANGE node_modules/nodemon/node_modules/semver
231 silly CHANGE node_modules/nodemon/node_modules/readdirp
232 silly CHANGE node_modules/nodemon/node_modules/pstree.remy
233 silly CHANGE node_modules/nodemon/node_modules/picomatch
234 silly CHANGE node_modules/nodemon/node_modules/normalize-path
235 silly CHANGE node_modules/nodemon/node_modules/ms
236 silly CHANGE node_modules/nodemon/node_modules/minimatch
237 silly CHANGE node_modules/nodemon/node_modules/is-number
238 silly CHANGE node_modules/nodemon/node_modules/is-extglob
239 silly CHANGE node_modules/nodemon/node_modules/is-binary-path
240 silly CHANGE node_modules/nodemon/node_modules/ignore-by-default
241 silly CHANGE node_modules/nodemon/node_modules/has-flag
242 silly CHANGE node_modules/nodemon/node_modules/glob-parent
243 silly CHANGE node_modules/nodemon/node_modules/fill-range
244 silly CHANGE node_modules/nodemon/node_modules/debug
245 silly CHANGE node_modules/nodemon/node_modules/concat-map
246 silly CHANGE node_modules/nodemon/node_modules/chokidar
247 silly CHANGE node_modules/nodemon/node_modules/braces
248 silly CHANGE node_modules/nodemon/node_modules/brace-expansion
249 silly CHANGE node_modules/nodemon/node_modules/binary-extensions
250 timing command:install Completed in 1057ms
251 verbose exit 0
252 timing npm Completed in 1219ms
253 info ok
