0 verbose cli /home/fromw0/.nodenv/versions/18.12.0/bin/node /home/fromw0/.nodenv/versions/18.12.0/bin/npm
1 info using npm@8.19.2
2 info using node@v18.12.0
3 timing npm:load:whichnode Completed in 0ms
4 timing config:load:defaults Completed in 2ms
5 timing config:load:file:/home/fromw0/.nodenv/versions/18.12.0/lib/node_modules/npm/npmrc Completed in 1ms
6 timing config:load:builtin Completed in 1ms
7 timing config:load:cli Completed in 3ms
8 timing config:load:env Completed in 1ms
9 timing config:load:project Completed in 3ms
10 timing config:load:file:/home/fromw0/.npmrc Completed in 5ms
11 timing config:load:user Completed in 5ms
12 timing config:load:file:/home/fromw0/.nodenv/versions/18.12.0/etc/npmrc Completed in 6ms
13 timing config:load:global Completed in 6ms
14 timing config:load:validate Completed in 0ms
15 timing config:load:credentials Completed in 2ms
16 timing config:load:setEnvs Completed in 1ms
17 timing config:load Completed in 26ms
18 timing npm:load:configload Completed in 26ms
19 timing npm:load:mkdirpcache Completed in 2ms
20 timing npm:load:mkdirplogs Completed in 0ms
21 verbose title npm install nodemon
22 verbose argv "install" "--global" "nodemon"
23 timing npm:load:setTitle Completed in 1ms
24 timing config:load:flatten Completed in 4ms
25 timing npm:load:display Completed in 6ms
26 verbose logfile logs-max:10 dir:/home/fromw0/.npm/_logs
27 verbose logfile /home/fromw0/.npm/_logs/2025-01-04T07_28_58_079Z-debug-0.log
28 timing npm:load:logFile Completed in 7ms
29 timing npm:load:timers Completed in 0ms
30 timing npm:load:configScope Completed in 0ms
31 timing npm:load Completed in 45ms
32 timing arborist:ctor Completed in 1ms
33 silly logfile done cleaning log files
34 timing idealTree:init Completed in 22ms
35 timing idealTree:userRequests Completed in 3ms
36 silly idealTree buildDeps
37 silly fetch manifest nodemon@*
38 http fetch GET 200 https://registry.npmjs.org/nodemon 274ms (cache miss)
39 silly placeDep ROOT nodemon@3.1.9 OK for:  want: *
40 silly fetch manifest chokidar@^3.5.2
41 silly fetch manifest debug@^4
42 silly fetch manifest ignore-by-default@^1.0.1
43 silly fetch manifest minimatch@^3.1.2
44 silly fetch manifest pstree.remy@^1.1.8
45 silly fetch manifest semver@^7.5.3
46 silly fetch manifest simple-update-notifier@^2.0.0
47 silly fetch manifest supports-color@^5.5.0
48 silly fetch manifest touch@^3.1.0
49 silly fetch manifest undefsafe@^2.0.5
50 http fetch GET 200 https://registry.npmjs.org/supports-color 119ms (cache hit)
51 http fetch GET 200 https://registry.npmjs.org/debug 130ms (cache hit)
52 http fetch GET 200 https://registry.npmjs.org/minimatch 149ms (cache hit)
53 http fetch GET 200 https://registry.npmjs.org/chokidar 172ms (cache miss)
54 http fetch GET 200 https://registry.npmjs.org/ignore-by-default 181ms (cache miss)
55 http fetch GET 200 https://registry.npmjs.org/undefsafe 177ms (cache miss)
56 http fetch GET 200 https://registry.npmjs.org/simple-update-notifier 181ms (cache miss)
57 http fetch GET 200 https://registry.npmjs.org/pstree.remy 184ms (cache miss)
58 http fetch GET 200 https://registry.npmjs.org/touch 182ms (cache miss)
59 http fetch GET 200 https://registry.npmjs.org/semver 191ms (cache miss)
60 timing idealTree:#root Completed in 502ms
61 silly placeDep node_modules/nodemon chokidar@3.6.0 OK for: nodemon@3.1.9 want: ^3.5.2
62 silly placeDep node_modules/nodemon debug@4.4.0 OK for: nodemon@3.1.9 want: ^4
63 silly placeDep node_modules/nodemon ignore-by-default@1.0.1 OK for: nodemon@3.1.9 want: ^1.0.1
64 silly placeDep node_modules/nodemon minimatch@3.1.2 OK for: nodemon@3.1.9 want: ^3.1.2
65 silly placeDep node_modules/nodemon pstree.remy@1.1.8 OK for: nodemon@3.1.9 want: ^1.1.8
66 silly placeDep node_modules/nodemon semver@7.6.3 OK for: nodemon@3.1.9 want: ^7.5.3
67 silly placeDep node_modules/nodemon simple-update-notifier@2.0.0 OK for: nodemon@3.1.9 want: ^2.0.0
68 silly placeDep node_modules/nodemon supports-color@5.5.0 OK for: nodemon@3.1.9 want: ^5.5.0
69 silly placeDep node_modules/nodemon touch@3.1.1 OK for: nodemon@3.1.9 want: ^3.1.0
70 silly placeDep node_modules/nodemon undefsafe@2.0.5 OK for: nodemon@3.1.9 want: ^2.0.5
71 silly fetch manifest braces@~3.0.2
72 silly fetch manifest is-glob@~4.0.1
73 silly fetch manifest anymatch@~3.1.2
74 silly fetch manifest readdirp@~3.6.0
75 silly fetch manifest glob-parent@~5.1.2
76 silly fetch manifest is-binary-path@~2.1.0
77 silly fetch manifest normalize-path@~3.0.0
78 silly fetch manifest fsevents@~2.3.2
79 silly fetch manifest ms@^2.1.3
80 silly fetch manifest brace-expansion@^1.1.7
81 silly fetch manifest has-flag@^3.0.0
82 http fetch GET 200 https://registry.npmjs.org/ms 118ms (cache hit)
83 http fetch GET 200 https://registry.npmjs.org/brace-expansion 118ms (cache hit)
84 http fetch GET 200 https://registry.npmjs.org/has-flag 119ms (cache hit)
85 http fetch GET 200 https://registry.npmjs.org/normalize-path 126ms (cache miss)
86 http fetch GET 200 https://registry.npmjs.org/is-binary-path 132ms (cache miss)
87 http fetch GET 200 https://registry.npmjs.org/is-glob 143ms (cache miss)
88 http fetch GET 200 https://registry.npmjs.org/anymatch 147ms (cache miss)
89 http fetch GET 200 https://registry.npmjs.org/braces 158ms (cache miss)
90 http fetch GET 200 https://registry.npmjs.org/glob-parent 149ms (cache miss)
91 http fetch GET 200 https://registry.npmjs.org/readdirp 150ms (cache miss)
92 http fetch GET 200 https://registry.npmjs.org/fsevents 164ms (cache miss)
93 timing idealTree:node_modules/nodemon Completed in 213ms
94 silly placeDep node_modules/nodemon anymatch@3.1.3 OK for: chokidar@3.6.0 want: ~3.1.2
95 silly placeDep node_modules/nodemon braces@3.0.3 OK for: chokidar@3.6.0 want: ~3.0.2
96 silly placeDep node_modules/nodemon fsevents@2.3.3 OK for: chokidar@3.6.0 want: ~2.3.2
97 silly placeDep node_modules/nodemon glob-parent@5.1.2 OK for: chokidar@3.6.0 want: ~5.1.2
98 silly placeDep node_modules/nodemon is-binary-path@2.1.0 OK for: chokidar@3.6.0 want: ~2.1.0
99 silly placeDep node_modules/nodemon is-glob@4.0.3 OK for: chokidar@3.6.0 want: ~4.0.1
100 silly placeDep node_modules/nodemon normalize-path@3.0.0 OK for: chokidar@3.6.0 want: ~3.0.0
101 silly placeDep node_modules/nodemon readdirp@3.6.0 OK for: chokidar@3.6.0 want: ~3.6.0
102 silly fetch manifest picomatch@^2.0.4
103 silly fetch manifest fill-range@^7.1.1
104 silly fetch manifest binary-extensions@^2.0.0
105 silly fetch manifest is-extglob@^2.1.1
106 silly fetch manifest picomatch@^2.2.1
107 http fetch GET 200 https://registry.npmjs.org/is-extglob 75ms (cache miss)
108 http fetch GET 200 https://registry.npmjs.org/picomatch 80ms (cache miss)
109 http fetch GET 200 https://registry.npmjs.org/picomatch 102ms (cache miss)
110 http fetch GET 200 https://registry.npmjs.org/binary-extensions 96ms (cache miss)
111 http fetch GET 200 https://registry.npmjs.org/fill-range 109ms (cache miss)
112 timing idealTree:node_modules/nodemon/node_modules/chokidar Completed in 134ms
113 silly placeDep node_modules/nodemon picomatch@2.3.1 OK for: anymatch@3.1.3 want: ^2.0.4
114 timing idealTree:node_modules/nodemon/node_modules/anymatch Completed in 3ms
115 silly placeDep node_modules/nodemon fill-range@7.1.1 OK for: braces@3.0.3 want: ^7.1.1
116 silly fetch manifest to-regex-range@^5.0.1
117 http fetch GET 200 https://registry.npmjs.org/to-regex-range 51ms (cache miss)
118 timing idealTree:node_modules/nodemon/node_modules/braces Completed in 57ms
119 silly placeDep node_modules/nodemon ms@2.1.3 OK for: debug@4.4.0 want: ^2.1.3
120 timing idealTree:node_modules/nodemon/node_modules/debug Completed in 2ms
121 silly placeDep node_modules/nodemon to-regex-range@5.0.1 OK for: fill-range@7.1.1 want: ^5.0.1
122 silly fetch manifest is-number@^7.0.0
123 http fetch GET 200 https://registry.npmjs.org/is-number 40ms (cache miss)
124 timing idealTree:node_modules/nodemon/node_modules/fill-range Completed in 43ms
125 timing idealTree:node_modules/nodemon/node_modules/fsevents Completed in 0ms
126 timing idealTree:node_modules/nodemon/node_modules/glob-parent Completed in 0ms
127 timing idealTree:node_modules/nodemon/node_modules/ignore-by-default Completed in 0ms
128 silly placeDep node_modules/nodemon binary-extensions@2.3.0 OK for: is-binary-path@2.1.0 want: ^2.0.0
129 timing idealTree:node_modules/nodemon/node_modules/is-binary-path Completed in 2ms
130 timing idealTree:node_modules/nodemon/node_modules/binary-extensions Completed in 0ms
131 silly placeDep node_modules/nodemon is-extglob@2.1.1 OK for: is-glob@4.0.3 want: ^2.1.1
132 timing idealTree:node_modules/nodemon/node_modules/is-glob Completed in 2ms
133 timing idealTree:node_modules/nodemon/node_modules/is-extglob Completed in 0ms
134 silly placeDep node_modules/nodemon brace-expansion@1.1.11 OK for: minimatch@3.1.2 want: ^1.1.7
135 silly fetch manifest balanced-match@^1.0.0
136 silly fetch manifest concat-map@0.0.1
137 http fetch GET 200 https://registry.npmjs.org/concat-map 21ms (cache hit)
138 http fetch GET 200 https://registry.npmjs.org/balanced-match 26ms (cache hit)
139 timing idealTree:node_modules/nodemon/node_modules/minimatch Completed in 32ms
140 silly placeDep node_modules/nodemon balanced-match@1.0.2 OK for: brace-expansion@1.1.11 want: ^1.0.0
141 silly placeDep node_modules/nodemon concat-map@0.0.1 OK for: brace-expansion@1.1.11 want: 0.0.1
142 timing idealTree:node_modules/nodemon/node_modules/brace-expansion Completed in 5ms
143 timing idealTree:node_modules/nodemon/node_modules/balanced-match Completed in 0ms
144 timing idealTree:node_modules/nodemon/node_modules/concat-map Completed in 0ms
145 timing idealTree:node_modules/nodemon/node_modules/ms Completed in 0ms
146 timing idealTree:node_modules/nodemon/node_modules/normalize-path Completed in 0ms
147 timing idealTree:node_modules/nodemon/node_modules/picomatch Completed in 0ms
148 timing idealTree:node_modules/nodemon/node_modules/pstree.remy Completed in 0ms
149 timing idealTree:node_modules/nodemon/node_modules/readdirp Completed in 0ms
150 timing idealTree:node_modules/nodemon/node_modules/semver Completed in 0ms
151 timing idealTree:node_modules/nodemon/node_modules/simple-update-notifier Completed in 0ms
152 silly placeDep node_modules/nodemon has-flag@3.0.0 OK for: supports-color@5.5.0 want: ^3.0.0
153 timing idealTree:node_modules/nodemon/node_modules/supports-color Completed in 2ms
154 timing idealTree:node_modules/nodemon/node_modules/has-flag Completed in 0ms
155 silly placeDep node_modules/nodemon is-number@7.0.0 OK for: to-regex-range@5.0.1 want: ^7.0.0
156 timing idealTree:node_modules/nodemon/node_modules/to-regex-range Completed in 5ms
157 timing idealTree:node_modules/nodemon/node_modules/is-number Completed in 0ms
158 timing idealTree:node_modules/nodemon/node_modules/touch Completed in 0ms
159 timing idealTree:node_modules/nodemon/node_modules/undefsafe Completed in 0ms
160 timing idealTree:buildDeps Completed in 1012ms
161 timing idealTree:fixDepFlags Completed in 8ms
162 timing idealTree Completed in 1052ms
163 timing reify:loadTrees Completed in 1068ms
164 timing reify:diffTrees Completed in 4ms
165 silly reify moves {}
166 timing reify:retireShallow Completed in 2ms
167 timing reify:createSparse Completed in 17ms
168 timing reify:loadBundles Completed in 0ms
169 silly audit bulk request {
169 silly audit   nodemon: [ '3.1.9' ],
169 silly audit   chokidar: [ '3.6.0' ],
169 silly audit   debug: [ '4.4.0' ],
169 silly audit   'ignore-by-default': [ '1.0.1' ],
169 silly audit   minimatch: [ '3.1.2' ],
169 silly audit   'pstree.remy': [ '1.1.8' ],
169 silly audit   semver: [ '7.6.3' ],
169 silly audit   'simple-update-notifier': [ '2.0.0' ],
169 silly audit   'supports-color': [ '5.5.0' ],
169 silly audit   touch: [ '3.1.1' ],
169 silly audit   undefsafe: [ '2.0.5' ],
169 silly audit   anymatch: [ '3.1.3' ],
169 silly audit   braces: [ '3.0.3' ],
169 silly audit   fsevents: [ '2.3.3' ],
169 silly audit   'glob-parent': [ '5.1.2' ],
169 silly audit   'is-binary-path': [ '2.1.0' ],
169 silly audit   'is-glob': [ '4.0.3' ],
169 silly audit   'normalize-path': [ '3.0.0' ],
169 silly audit   readdirp: [ '3.6.0' ],
169 silly audit   picomatch: [ '2.3.1' ],
169 silly audit   'fill-range': [ '7.1.1' ],
169 silly audit   ms: [ '2.1.3' ],
169 silly audit   'to-regex-range': [ '5.0.1' ],
169 silly audit   'binary-extensions': [ '2.3.0' ],
169 silly audit   'is-extglob': [ '2.1.1' ],
169 silly audit   'brace-expansion': [ '1.1.11' ],
169 silly audit   'balanced-match': [ '1.0.2' ],
169 silly audit   'concat-map': [ '0.0.1' ],
169 silly audit   'has-flag': [ '3.0.0' ],
169 silly audit   'is-number': [ '7.0.0' ]
169 silly audit }
170 verbose reify failed optional dependency /home/fromw0/.nodenv/versions/18.12.0/lib/node_modules/nodemon/node_modules/fsevents
171 silly reify mark deleted [
171 silly reify   '/home/fromw0/.nodenv/versions/18.12.0/lib/node_modules/nodemon/node_modules/fsevents'
171 silly reify ]
172 timing reifyNode:node_modules/nodemon/node_modules/fsevents Completed in 10ms
173 silly tarball no local data for nodemon@https://registry.npmjs.org/nodemon/-/nodemon-3.1.9.tgz. Extracting by manifest.
174 silly tarball no local data for is-number@https://registry.npmjs.org/is-number/-/is-number-7.0.0.tgz. Extracting by manifest.
175 silly tarball no local data for has-flag@https://registry.npmjs.org/has-flag/-/has-flag-3.0.0.tgz. Extracting by manifest.
176 silly tarball no local data for is-extglob@https://registry.npmjs.org/is-extglob/-/is-extglob-2.1.1.tgz. Extracting by manifest.
177 silly tarball no local data for binary-extensions@https://registry.npmjs.org/binary-extensions/-/binary-extensions-2.3.0.tgz. Extracting by manifest.
178 silly tarball no local data for to-regex-range@https://registry.npmjs.org/to-regex-range/-/to-regex-range-5.0.1.tgz. Extracting by manifest.
179 silly tarball no local data for fill-range@https://registry.npmjs.org/fill-range/-/fill-range-7.1.1.tgz. Extracting by manifest.
180 silly tarball no local data for picomatch@https://registry.npmjs.org/picomatch/-/picomatch-2.3.1.tgz. Extracting by manifest.
181 silly tarball no local data for readdirp@https://registry.npmjs.org/readdirp/-/readdirp-3.6.0.tgz. Extracting by manifest.
182 silly tarball no local data for normalize-path@https://registry.npmjs.org/normalize-path/-/normalize-path-3.0.0.tgz. Extracting by manifest.
183 silly tarball no local data for is-glob@https://registry.npmjs.org/is-glob/-/is-glob-4.0.3.tgz. Extracting by manifest.
184 silly tarball no local data for is-binary-path@https://registry.npmjs.org/is-binary-path/-/is-binary-path-2.1.0.tgz. Extracting by manifest.
185 silly tarball no local data for glob-parent@https://registry.npmjs.org/glob-parent/-/glob-parent-5.1.2.tgz. Extracting by manifest.
186 silly tarball no local data for braces@https://registry.npmjs.org/braces/-/braces-3.0.3.tgz. Extracting by manifest.
187 silly tarball no local data for anymatch@https://registry.npmjs.org/anymatch/-/anymatch-3.1.3.tgz. Extracting by manifest.
188 silly tarball no local data for undefsafe@https://registry.npmjs.org/undefsafe/-/undefsafe-2.0.5.tgz. Extracting by manifest.
189 silly tarball no local data for touch@https://registry.npmjs.org/touch/-/touch-3.1.1.tgz. Extracting by manifest.
190 silly tarball no local data for supports-color@https://registry.npmjs.org/supports-color/-/supports-color-5.5.0.tgz. Extracting by manifest.
191 silly tarball no local data for simple-update-notifier@https://registry.npmjs.org/simple-update-notifier/-/simple-update-notifier-2.0.0.tgz. Extracting by manifest.
192 silly tarball no local data for semver@https://registry.npmjs.org/semver/-/semver-7.6.3.tgz. Extracting by manifest.
193 silly tarball no local data for pstree.remy@https://registry.npmjs.org/pstree.remy/-/pstree.remy-1.1.8.tgz. Extracting by manifest.
194 silly tarball no local data for ignore-by-default@https://registry.npmjs.org/ignore-by-default/-/ignore-by-default-1.0.1.tgz. Extracting by manifest.
195 silly tarball no local data for debug@https://registry.npmjs.org/debug/-/debug-4.4.0.tgz. Extracting by manifest.
196 silly tarball no local data for chokidar@https://registry.npmjs.org/chokidar/-/chokidar-3.6.0.tgz. Extracting by manifest.
197 http fetch POST 200 https://registry.npmjs.org/-/npm/v1/security/advisories/bulk 375ms
198 timing auditReport:getReport Completed in 384ms
199 silly audit report {}
200 timing auditReport:init Completed in 0ms
201 timing reify:audit Completed in 386ms
202 timing reifyNode:node_modules/nodemon/node_modules/brace-expansion Completed in 641ms
203 timing reifyNode:node_modules/nodemon/node_modules/ms Completed in 641ms
204 timing reifyNode:node_modules/nodemon/node_modules/balanced-match Completed in 663ms
205 timing reifyNode:node_modules/nodemon/node_modules/minimatch Completed in 665ms
206 timing reifyNode:node_modules/nodemon/node_modules/concat-map Completed in 690ms
207 http fetch GET 200 https://registry.npmjs.org/is-number/-/is-number-7.0.0.tgz 657ms (cache miss)
208 timing reifyNode:node_modules/nodemon/node_modules/is-number Completed in 719ms
209 http fetch GET 200 https://registry.npmjs.org/has-flag/-/has-flag-3.0.0.tgz 654ms (cache miss)
210 timing reifyNode:node_modules/nodemon/node_modules/has-flag Completed in 720ms
211 http fetch GET 200 https://registry.npmjs.org/undefsafe/-/undefsafe-2.0.5.tgz 618ms (cache miss)
212 timing reifyNode:node_modules/nodemon/node_modules/undefsafe Completed in 725ms
213 http fetch GET 200 https://registry.npmjs.org/touch/-/touch-3.1.1.tgz 617ms (cache miss)
214 timing reifyNode:node_modules/nodemon/node_modules/touch Completed in 725ms
215 http fetch GET 200 https://registry.npmjs.org/binary-extensions/-/binary-extensions-2.3.0.tgz 664ms (cache miss)
216 timing reifyNode:node_modules/nodemon/node_modules/binary-extensions Completed in 736ms
217 http fetch GET 200 https://registry.npmjs.org/ignore-by-default/-/ignore-by-default-1.0.1.tgz 611ms (cache miss)
218 timing reifyNode:node_modules/nodemon/node_modules/ignore-by-default Completed in 733ms
219 http fetch GET 200 https://registry.npmjs.org/anymatch/-/anymatch-3.1.3.tgz 635ms (cache miss)
220 timing reifyNode:node_modules/nodemon/node_modules/anymatch Completed in 738ms
221 http fetch GET 200 https://registry.npmjs.org/supports-color/-/supports-color-5.5.0.tgz 638ms (cache miss)
222 timing reifyNode:node_modules/nodemon/node_modules/supports-color Completed in 750ms
223 http fetch GET 200 https://registry.npmjs.org/is-binary-path/-/is-binary-path-2.1.0.tgz 659ms (cache miss)
224 timing reifyNode:node_modules/nodemon/node_modules/is-binary-path Completed in 755ms
225 http fetch GET 200 https://registry.npmjs.org/is-extglob/-/is-extglob-2.1.1.tgz 688ms (cache miss)
226 timing reifyNode:node_modules/nodemon/node_modules/is-extglob Completed in 757ms
227 http fetch GET 200 https://registry.npmjs.org/normalize-path/-/normalize-path-3.0.0.tgz 670ms (cache miss)
228 timing reifyNode:node_modules/nodemon/node_modules/normalize-path Completed in 762ms
229 http fetch GET 200 https://registry.npmjs.org/is-glob/-/is-glob-4.0.3.tgz 669ms (cache miss)
230 timing reifyNode:node_modules/nodemon/node_modules/is-glob Completed in 762ms
231 http fetch GET 200 https://registry.npmjs.org/debug/-/debug-4.4.0.tgz 636ms (cache miss)
232 timing reifyNode:node_modules/nodemon/node_modules/debug Completed in 761ms
233 http fetch GET 200 https://registry.npmjs.org/readdirp/-/readdirp-3.6.0.tgz 679ms (cache miss)
234 timing reifyNode:node_modules/nodemon/node_modules/readdirp Completed in 769ms
235 http fetch GET 200 https://registry.npmjs.org/fill-range/-/fill-range-7.1.1.tgz 685ms (cache miss)
236 timing reifyNode:node_modules/nodemon/node_modules/fill-range Completed in 771ms
237 http fetch GET 200 https://registry.npmjs.org/glob-parent/-/glob-parent-5.1.2.tgz 678ms (cache miss)
238 timing reifyNode:node_modules/nodemon/node_modules/glob-parent Completed in 777ms
239 http fetch GET 200 https://registry.npmjs.org/to-regex-range/-/to-regex-range-5.0.1.tgz 704ms (cache miss)
240 timing reifyNode:node_modules/nodemon/node_modules/to-regex-range Completed in 779ms
241 http fetch GET 200 https://registry.npmjs.org/simple-update-notifier/-/simple-update-notifier-2.0.0.tgz 662ms (cache miss)
242 timing reifyNode:node_modules/nodemon/node_modules/simple-update-notifier Completed in 780ms
243 http fetch GET 200 https://registry.npmjs.org/pstree.remy/-/pstree.remy-1.1.8.tgz 668ms (cache miss)
244 timing reifyNode:node_modules/nodemon/node_modules/pstree.remy Completed in 788ms
245 http fetch GET 200 https://registry.npmjs.org/chokidar/-/chokidar-3.6.0.tgz 661ms (cache miss)
246 timing reifyNode:node_modules/nodemon/node_modules/chokidar Completed in 790ms
247 http fetch GET 200 https://registry.npmjs.org/braces/-/braces-3.0.3.tgz 697ms (cache miss)
248 timing reifyNode:node_modules/nodemon/node_modules/braces Completed in 798ms
249 http fetch GET 200 https://registry.npmjs.org/picomatch/-/picomatch-2.3.1.tgz 722ms (cache miss)
250 timing reifyNode:node_modules/nodemon/node_modules/picomatch Completed in 810ms
251 http fetch GET 200 https://registry.npmjs.org/semver/-/semver-7.6.3.tgz 736ms (cache miss)
252 timing reifyNode:node_modules/nodemon/node_modules/semver Completed in 853ms
253 http fetch GET 200 https://registry.npmjs.org/nodemon/-/nodemon-3.1.9.tgz 804ms (cache miss)
254 timing reifyNode:node_modules/nodemon Completed in 862ms
255 timing reify:unpack Completed in 863ms
256 timing reify:unretire Completed in 0ms
257 timing build:queue Completed in 4ms
258 timing build:link:node_modules/nodemon Completed in 11ms
259 timing build:link:node_modules/nodemon/node_modules/touch Completed in 11ms
260 timing build:link:node_modules/nodemon/node_modules/semver Completed in 12ms
261 timing build:link Completed in 13ms
262 timing build:deps Completed in 18ms
263 timing build Completed in 18ms
264 timing reify:build Completed in 18ms
265 timing reify:trash Completed in 4ms
266 timing reify Completed in 2013ms
267 silly ADD node_modules/nodemon
268 silly ADD node_modules/nodemon/node_modules/is-number
269 silly ADD node_modules/nodemon/node_modules/has-flag
270 silly ADD node_modules/nodemon/node_modules/concat-map
271 silly ADD node_modules/nodemon/node_modules/balanced-match
272 silly ADD node_modules/nodemon/node_modules/brace-expansion
273 silly ADD node_modules/nodemon/node_modules/is-extglob
274 silly ADD node_modules/nodemon/node_modules/binary-extensions
275 silly ADD node_modules/nodemon/node_modules/to-regex-range
276 silly ADD node_modules/nodemon/node_modules/ms
277 silly ADD node_modules/nodemon/node_modules/fill-range
278 silly ADD node_modules/nodemon/node_modules/picomatch
279 silly ADD node_modules/nodemon/node_modules/readdirp
280 silly ADD node_modules/nodemon/node_modules/normalize-path
281 silly ADD node_modules/nodemon/node_modules/is-glob
282 silly ADD node_modules/nodemon/node_modules/is-binary-path
283 silly ADD node_modules/nodemon/node_modules/glob-parent
284 silly ADD
285 silly ADD node_modules/nodemon/node_modules/braces
286 silly ADD node_modules/nodemon/node_modules/anymatch
287 silly ADD node_modules/nodemon/node_modules/undefsafe
288 silly ADD node_modules/nodemon/node_modules/touch
289 silly ADD node_modules/nodemon/node_modules/supports-color
290 silly ADD node_modules/nodemon/node_modules/simple-update-notifier
291 silly ADD node_modules/nodemon/node_modules/semver
292 silly ADD node_modules/nodemon/node_modules/pstree.remy
293 silly ADD node_modules/nodemon/node_modules/minimatch
294 silly ADD node_modules/nodemon/node_modules/ignore-by-default
295 silly ADD node_modules/nodemon/node_modules/debug
296 silly ADD node_modules/nodemon/node_modules/chokidar
297 timing command:install Completed in 2026ms
298 verbose exit 0
299 timing npm Completed in 2184ms
300 info ok
