2024-12-17 04:49:26.964 [info] Started initializing default profile extensions in extensions installation folder. file:///home/fromw0/.vscode/extensions
2024-12-17 04:49:30.511 [info] Completed initializing default profile extensions in extensions installation folder. file:///home/fromw0/.vscode/extensions
2024-12-17 04:51:00.348 [info] Getting Manifest... ms-python.vscode-pylance
2024-12-17 04:51:00.348 [info] Getting Manifest... ms-python.python
2024-12-17 04:51:00.442 [info] Installing extension: ms-python.vscode-pylance {"isMachineScoped":false,"donotIncludePackAndDependencies":true,"installGivenVersion":false,"pinned":false,"installPreReleaseVersion":false,"profileLocation":{"$mid":1,"external":"vscode-userdata:/home/fromw0/.vscode/extensions/extensions.json","path":"/home/fromw0/.vscode/extensions/extensions.json","scheme":"vscode-userdata"},"isApplicationScoped":false,"context":{"skipWalkthrough":true,"extensionInstallSource":"settingsSync"},"installOnlyNewlyAddedFromExtensionPack":true,"productVersion":{"version":"1.96.0","date":"2024-12-11T02:29:09.626Z"}}
2024-12-17 04:51:00.442 [info] Installing extension: ms-python.python {"isMachineScoped":false,"donotIncludePackAndDependencies":true,"installGivenVersion":false,"pinned":false,"installPreReleaseVersion":false,"profileLocation":{"$mid":1,"external":"vscode-userdata:/home/fromw0/.vscode/extensions/extensions.json","path":"/home/fromw0/.vscode/extensions/extensions.json","scheme":"vscode-userdata"},"isApplicationScoped":false,"context":{"skipWalkthrough":true,"extensionInstallSource":"settingsSync"},"installOnlyNewlyAddedFromExtensionPack":true,"productVersion":{"version":"1.96.0","date":"2024-12-11T02:29:09.626Z"}}
2024-12-17 04:51:00.443 [info] Installing the extension without checking dependencies and pack ms-python.vscode-pylance
2024-12-17 04:51:00.443 [info] Installing the extension without checking dependencies and pack ms-python.python
2024-12-17 04:51:19.901 [info] Extension signature verification result for ms-python.python: Success. Executed: true. Duration: 10392ms.
2024-12-17 04:51:20.138 [info] Extension signature verification result for ms-python.vscode-pylance: Success. Executed: true. Duration: 7484ms.
2024-12-17 04:51:33.449 [info] Extracted extension to file:///home/fromw0/.vscode/extensions/ms-python.python-2024.22.0-linux-x64: ms-python.python
2024-12-17 04:51:34.133 [info] Renamed to /home/fromw0/.vscode/extensions/ms-python.python-2024.22.0-linux-x64
2024-12-17 04:51:34.312 [error] [uncaught exception in sharedProcess]: Error: ENOENT: no such file or directory, stat '/home/fromw0/.vscode/extensions/extensions.json.vsctmp': EntryNotFound (FileSystemError): Error: ENOENT: no such file or directory, stat '/home/fromw0/.vscode/extensions/extensions.json.vsctmp'
    at Gm.create (file:///usr/share/code/resources/app/out/vs/code/electron-utility/sharedProcess/sharedProcessMain.js:35:39624)
    at xs (file:///usr/share/code/resources/app/out/vs/code/electron-utility/sharedProcess/sharedProcessMain.js:35:39731)
    at Vr.ib (file:///usr/share/code/resources/app/out/vs/code/electron-utility/sharedProcess/sharedProcessMain.js:78:22778)
    at Vr.stat (file:///usr/share/code/resources/app/out/vs/code/electron-utility/sharedProcess/sharedProcessMain.js:78:16010)
    at async wh.stat (file:///usr/share/code/resources/app/out/vs/code/electron-utility/sharedProcess/sharedProcessMain.js:77:85488)
    at async fh.Ab (file:///usr/share/code/resources/app/out/vs/code/electron-utility/sharedProcess/sharedProcessMain.js:77:67180)
2024-12-17 04:51:49.104 [info] Extracted extension to file:///home/fromw0/.vscode/extensions/ms-python.vscode-pylance-2024.12.1: ms-python.vscode-pylance
2024-12-17 04:51:50.130 [info] Renamed to /home/fromw0/.vscode/extensions/ms-python.vscode-pylance-2024.12.1
2024-12-17 04:51:50.200 [info] Extension installed successfully: ms-python.python vscode-userdata:/home/fromw0/.vscode/extensions/extensions.json
2024-12-17 04:51:50.200 [info] Extension installed successfully: ms-python.vscode-pylance vscode-userdata:/home/fromw0/.vscode/extensions/extensions.json
2024-12-17 04:51:50.256 [error] [uncaught exception in sharedProcess]: Error: ENOENT: no such file or directory, stat '/home/fromw0/.vscode/extensions/extensions.json.vsctmp': EntryNotFound (FileSystemError): Error: ENOENT: no such file or directory, stat '/home/fromw0/.vscode/extensions/extensions.json.vsctmp'
    at Gm.create (file:///usr/share/code/resources/app/out/vs/code/electron-utility/sharedProcess/sharedProcessMain.js:35:39624)
    at xs (file:///usr/share/code/resources/app/out/vs/code/electron-utility/sharedProcess/sharedProcessMain.js:35:39731)
    at Vr.ib (file:///usr/share/code/resources/app/out/vs/code/electron-utility/sharedProcess/sharedProcessMain.js:78:22778)
    at Vr.stat (file:///usr/share/code/resources/app/out/vs/code/electron-utility/sharedProcess/sharedProcessMain.js:78:16010)
    at async wh.stat (file:///usr/share/code/resources/app/out/vs/code/electron-utility/sharedProcess/sharedProcessMain.js:77:85488)
    at async fh.Ab (file:///usr/share/code/resources/app/out/vs/code/electron-utility/sharedProcess/sharedProcessMain.js:77:67180)
2024-12-17 04:52:06.498 [info] Getting Manifest... ms-ceintl.vscode-language-pack-ja
2024-12-17 04:52:06.533 [info] Installing extension: ms-ceintl.vscode-language-pack-ja {"isMachineScoped":false,"installPreReleaseVersion":false,"pinned":false,"profileLocation":{"$mid":1,"external":"vscode-userdata:/home/fromw0/.vscode/extensions/extensions.json","path":"/home/fromw0/.vscode/extensions/extensions.json","scheme":"vscode-userdata"},"installOnlyNewlyAddedFromExtensionPack":true,"isApplicationScoped":true,"productVersion":{"version":"1.96.0","date":"2024-12-11T02:29:09.626Z"}}
2024-12-17 04:52:10.422 [info] Extension signature verification result for ms-ceintl.vscode-language-pack-ja: Success. Executed: true. Duration: 3200ms.
2024-12-17 04:52:10.577 [info] Extracted extension to file:///home/fromw0/.vscode/extensions/ms-ceintl.vscode-language-pack-ja-1.96.2024121109: ms-ceintl.vscode-language-pack-ja
2024-12-17 04:52:10.597 [info] Renamed to /home/fromw0/.vscode/extensions/ms-ceintl.vscode-language-pack-ja-1.96.2024121109
2024-12-17 04:52:10.649 [info] Adding language packs from the extension ms-ceintl.vscode-language-pack-ja
2024-12-17 04:52:10.717 [info] Extension installed successfully: ms-ceintl.vscode-language-pack-ja vscode-userdata:/home/fromw0/.vscode/extensions/extensions.json
