2024-12-17 04:49:26.341 [info] Using settings sync service https://vscode-sync.trafficmanager.net/
2024-12-17 04:49:26.341 [info] Auto Sync is disabled.
2024-12-17 04:50:55.657 [info] Sync started.
2024-12-17 04:50:55.949 [info] Did reset the local sync state.
2024-12-17 04:50:55.975 [info] Settings: Migrating last sync user data. Resource does not exist.
2024-12-17 04:50:55.975 [info] Settings: Last sync data state does not exist.
2024-12-17 04:50:56.045 [info] Settings: Migrating last sync user data. Resource does not exist.
2024-12-17 04:50:56.045 [info] Settings: Last sync data state does not exist.
2024-12-17 04:50:56.215 [info] GlobalState: Migrating last sync user data. Resource does not exist.
2024-12-17 04:50:56.215 [info] GlobalState: Last sync data state does not exist.
2024-12-17 04:50:56.298 [info] Keybindings: Migrating last sync user data. Resource does not exist.
2024-12-17 04:50:56.298 [info] Keybindings: Last sync data state does not exist.
2024-12-17 04:50:56.412 [info] Snippets: Migrating last sync user data. Resource does not exist.
2024-12-17 04:50:56.412 [info] Snippets: Last sync data state does not exist.
2024-12-17 04:50:56.494 [info] Tasks: Migrating last sync user data. Resource does not exist.
2024-12-17 04:50:56.495 [info] Tasks: Last sync data state does not exist.
2024-12-17 04:50:56.568 [info] GlobalState: Migrating last sync user data. Resource does not exist.
2024-12-17 04:50:56.574 [info] GlobalState: Last sync data state does not exist.
2024-12-17 04:50:56.856 [info] Extensions: Migrating last sync user data. Resource does not exist.
2024-12-17 04:50:56.856 [info] Extensions: Last sync data state does not exist.
2024-12-17 04:50:57.107 [info] Profiles: Migrating last sync user data. Resource does not exist.
2024-12-17 04:50:57.107 [info] Profiles: Last sync data state does not exist.
2024-12-17 04:50:57.184 [info] Profiles: Migrating last sync user data. Resource does not exist.
2024-12-17 04:50:57.185 [info] Profiles: Last sync data state does not exist.
2024-12-17 04:50:57.209 [info] Settings: No changes found during synchronizing settings.
2024-12-17 04:50:57.278 [info] Settings: Updated last synchronized settings
2024-12-17 04:50:57.281 [info] Keybindings: No changes found during synchronizing keybindings.
2024-12-17 04:50:57.294 [info] Keybindings: Updated last synchronized keybindings
2024-12-17 04:50:57.296 [info] Snippets: No changes found during synchronizing snippets.
2024-12-17 04:50:57.310 [info] Snippets: Updated last synchronized snippets
2024-12-17 04:50:57.311 [info] Tasks: No changes found during synchronizing tasks.
2024-12-17 04:50:57.327 [info] Tasks: Updated last synchronized tasks
2024-12-17 04:50:57.346 [info] GlobalState: Updated global state ["recently.opened","workbench.statusbar.hidden","workbench.view.remote.state.hidden","workbench.welcomePage.walkthroughMetadata","workbench.view.extensions.state.hidden","github-darms19","workbench.scm.views.state.hidden","workbench.explorer.views.state.hidden","workbench.activityBar.location","workbench.activity.pinnedViewlets2","workbench.panel.pinnedPanels","workbench.view.debug.state.hidden","colorThemeData","memento/gettingStartedService"]
2024-12-17 04:50:57.348 [info] GlobalState: Updated local ui state
2024-12-17 04:50:57.611 [info] GlobalState: Migrating last sync user data. Resource does not exist.
2024-12-17 04:50:57.612 [info] GlobalState: Last sync data state does not exist.
2024-12-17 04:50:58.164 [info] GlobalState: Updated remote ui state. Added: workbench.auxiliarybar.pinnedPanels,workbench.panel.alignment,nps/lastSessionDate,nps/sessionCount,cpp.1.lastSessionDate,cpp.1.sessionCount,java.2.lastSessionDate,java.2.sessionCount,javascript.1.lastSessionDate,javascript.1.sessionCount,typescript.1.lastSessionDate,typescript.1.sessionCount,csharp.1.lastSessionDate,csharp.1.sessionCount,~remote.forwardedPortsContainer.hidden,workbench.panel.repl.hidden,encryption.migratedToGnomeLibsecret.
2024-12-17 04:50:58.195 [info] GlobalState: Updated last synchronized ui state
2024-12-17 04:51:50.209 [info] Extensions: Installed extension. ms-python.python 2024.22.0
2024-12-17 04:51:50.211 [info] Extensions: Installed extension. ms-python.vscode-pylance 2024.12.1
2024-12-17 04:51:50.263 [info] Extensions: Migrating last sync user data. Resource does not exist.
2024-12-17 04:51:50.266 [info] Extensions: Last sync data state does not exist.
2024-12-17 04:51:51.098 [info] Extensions: Updated remote extensions. Added: ["vscode.debug-auto-launch","vscode.debug-server-ready","vscode.git","vscode.github","vscode.grunt","vscode.gulp","vscode.jake","ms-vscode.js-debug","ms-vscode.js-debug-companion","ms-vscode.vscode-js-profile-table","vscode.php-language-features","vscode.terminal-suggest","vscode.tunnel-forwarding"].
2024-12-17 04:51:51.112 [info] Extensions: Updated last synchronized extensions.
2024-12-17 04:51:51.117 [info] Profiles: No changes found during synchronizing profiles.
2024-12-17 04:51:51.145 [info] Profiles: Updated last synchronized profiles.
2024-12-17 04:51:51.151 [info] Sync done. Took 55518ms
2024-12-17 04:51:51.176 [info] Auto Sync: Triggered by Interval
2024-12-17 04:51:51.176 [info] Sync started.
2024-12-17 04:51:51.379 [info] Settings: No changes found during synchronizing settings.
2024-12-17 04:51:51.394 [info] Keybindings: No changes found during synchronizing keybindings.
2024-12-17 04:51:51.410 [info] Snippets: No changes found during synchronizing snippets.
2024-12-17 04:51:51.420 [info] Tasks: No changes found during synchronizing tasks.
2024-12-17 04:51:52.299 [info] GlobalState: Updated remote ui state. Updated: workbench.view.debug.state.hidden,workbench.welcomePage.walkthroughMetadata.
2024-12-17 04:51:52.476 [info] GlobalState: Updated last synchronized ui state
2024-12-17 04:51:52.651 [info] Extensions: No changes found during synchronizing extensions.
2024-12-17 04:51:52.655 [info] Profiles: No changes found during synchronizing profiles.
2024-12-17 04:51:52.664 [info] Sync done. Took 1491ms
2024-12-17 04:51:54.925 [info] Auto Sync: Triggered by Activity
2024-12-17 04:51:54.926 [info] Sync started.
2024-12-17 04:51:55.031 [info] Settings: No changes found during synchronizing settings.
2024-12-17 04:51:55.081 [info] Keybindings: No changes found during synchronizing keybindings.
2024-12-17 04:51:55.104 [info] Snippets: No changes found during synchronizing snippets.
2024-12-17 04:51:55.113 [info] Tasks: No changes found during synchronizing tasks.
2024-12-17 04:51:55.959 [info] GlobalState: Updated remote ui state. Updated: memento/gettingStartedService.
2024-12-17 04:51:55.972 [info] GlobalState: Updated last synchronized ui state
2024-12-17 04:51:56.015 [info] Extensions: No changes found during synchronizing extensions.
2024-12-17 04:51:56.025 [info] Profiles: No changes found during synchronizing profiles.
2024-12-17 04:51:56.038 [info] Sync done. Took 1116ms
2024-12-17 04:52:12.871 [info] Auto Sync: Triggered by Activity
2024-12-17 04:52:12.872 [info] Sync started.
2024-12-17 04:52:12.965 [info] Settings: No changes found during synchronizing settings.
2024-12-17 04:52:12.974 [info] Keybindings: No changes found during synchronizing keybindings.
2024-12-17 04:52:12.989 [info] Snippets: No changes found during synchronizing snippets.
2024-12-17 04:52:13.009 [info] Tasks: No changes found during synchronizing tasks.
2024-12-17 04:52:13.022 [info] GlobalState: No changes found during synchronizing ui state.
2024-12-17 04:52:14.856 [info] Extensions: Updated remote extensions. Added: ["ms-ceintl.vscode-language-pack-ja"].
2024-12-17 04:52:15.293 [info] Extensions: Updated last synchronized extensions.
2024-12-17 04:52:15.305 [info] Profiles: No changes found during synchronizing profiles.
2024-12-17 04:52:15.311 [info] Sync done. Took 2440ms
