2025-01-04 16:13:25.436 [info] Added views:outline in workbench.view.explorer
2025-01-04 16:13:25.436 [info] Added views:workbench.view.search in workbench.view.search
2025-01-04 16:13:25.436 [info] Added views:workbench.scm in workbench.view.scm
2025-01-04 16:13:25.436 [info] Added views:workbench.panel.markers.view in workbench.panel.markers
2025-01-04 16:13:25.436 [info] Added views:workbench.panel.output in workbench.panel.output
2025-01-04 16:13:25.436 [info] Added views:terminal in terminal
2025-01-04 16:13:25.436 [info] Added views:timeline in workbench.view.explorer
2025-01-04 16:13:25.436 [info] Added views:workbench.explorer.emptyView in workbench.view.explorer
2025-01-04 16:13:27.181 [info] Added views:workbench.debug.welcome in workbench.view.debug
2025-01-04 16:13:37.629 [info] Added views:pw.extension.settingsView in workbench.view.extension.test
2025-01-04 16:13:37.812 [info] Added views:~remote.forwardedPorts in ~remote.forwardedPortsContainer
2025-01-04 16:13:38.469 [info] Added views:workbench.panel.repl.view in workbench.panel.repl
2025-01-04 16:24:02.422 [info] Added views:outline in workbench.view.explorer
2025-01-04 16:24:02.423 [info] Added views:workbench.view.search in workbench.view.search
2025-01-04 16:24:02.423 [info] Added views:workbench.scm in workbench.view.scm
2025-01-04 16:24:02.423 [info] Added views:workbench.panel.markers.view in workbench.panel.markers
2025-01-04 16:24:02.423 [info] Added views:workbench.panel.output in workbench.panel.output
2025-01-04 16:24:02.423 [info] Added views:terminal in terminal
2025-01-04 16:24:02.423 [info] Added views:timeline in workbench.view.explorer
2025-01-04 16:24:02.423 [info] Added views:workbench.explorer.fileView in workbench.view.explorer
2025-01-04 16:24:02.828 [info] Added views:workbench.debug.variablesView,workbench.debug.watchExpressionsView,workbench.debug.callStackView,workbench.debug.breakPointsView in workbench.view.debug
2025-01-04 16:24:05.457 [info] Added views:~remote.forwardedPorts in ~remote.forwardedPortsContainer
2025-01-04 16:24:06.240 [info] Added views:workbench.panel.repl.view in workbench.panel.repl
2025-01-04 16:24:06.241 [info] Removed views:workbench.debug.breakPointsView,workbench.debug.callStackView,workbench.debug.watchExpressionsView,workbench.debug.variablesView from workbench.view.debug
2025-01-04 16:24:06.242 [info] Added views:workbench.debug.welcome in workbench.view.debug
2025-01-04 16:24:08.083 [info] Added views:pw.extension.settingsView in workbench.view.extension.test
